=== Run 1 ===
{"status": "ready", "variant": "D5", "marker": "UBI-A8-E7C1EEB30702"}
{
  "path_1": {
    "ok": true,
    "steps": [
      {
        "ok": true,
        "operation": "set-spn"
      },
      {
        "ok": true,
        "operation": "request-service-token"
      },
      {
        "ok": true,
        "operation": "read-proof-1",
        "proof": "NF-AD1-3036faaf45086bf441f25cff1777"
      }
    ],
    "proof": "NF-AD1-3036faaf45086bf441f25cff1777"
  },
  "path_2": {
    "ok": true,
    "steps": [
      {
        "ok": true,
        "operation": "add-group-member"
      },
      {
        "ok": true,
        "operation": "read-proof-2",
        "proof": "NF-AD2-c07e006b267495929c79937edec4"
      }
    ],
    "proof": "NF-AD2-c07e006b267495929c79937edec4"
  },
  "cleanup": {
    "ok": true
  }
}
{
  "checks": {
    "binding_present": true,
    "candidate_present": true,
    "marker_present": true,
    "proof_objects_present": true,
    "service_present": true,
    "stale_edge_present": true
  },
  "healthy": true
}
=== Run 1 complete ===
